// Jest Snapshot v1, https://goo.gl/fbAQLP

exports[`rendering should populate the name attribute 1`] = `"<div class=\\"wc-modal__wrap\\"><button class=\\"wc-modal__cls\\">X</button><h1>Simple modal</h1><p></p></div>"`;
